I'm sorry, but errors were detected in your script. Please correct the
errors listed below, and try again.


File "game/script.rpy", line 195: expected python_expression
    elif: window_scene == False:
        ^

File "game/script.rpy", line 200: expected statement.
    else:
        ^

Ren'Py Version: Ren'Py 8.0.1.22070801
Tue Mar 28 22:42:45 2023
